2026-06-21 13:46:24,940 - WARNING - (trapped) error reading bcrypt version
Traceback (most recent call last):
  File "C:\Users\Hp\Desktop\fastapi\.venv\Lib\site-packages\passlib\handlers\bcrypt.py", line 620, in _load_backend_mixin
    version = _bcrypt.__about__.__version__
              ^^^^^^^^^^^^^^^^^
AttributeError: module 'bcrypt' has no attribute '__about__'
2026-06-21 13:46:25,248 - WARNING - Failed login attempt for email: ram13@gmail.com
2026-06-21 13:46:50,510 - INFO - User ram13@gmail.com logged in successfully.
2026-06-21 13:50:26,801 - WARNING - Failed login attempt for email: luffy@gmail.com
2026-06-21 13:50:49,805 - INFO - User ram13@gmail.com logged in successfully.
2026-06-21 13:50:58,196 - INFO - User ram13@gmail.com logged in successfully.
2026-06-21 14:05:08,189 - WARNING - (trapped) error reading bcrypt version
Traceback (most recent call last):
  File "C:\Users\Hp\Desktop\fastapi\.venv\Lib\site-packages\passlib\handlers\bcrypt.py", line 620, in _load_backend_mixin
    version = _bcrypt.__about__.__version__
              ^^^^^^^^^^^^^^^^^
AttributeError: module 'bcrypt' has no attribute '__about__'
2026-06-21 14:05:08,540 - INFO - User ram13@gmail.com logged in successfully.
2026-06-21 14:29:53,292 - INFO - Product boult audio probase added successfully by user ram13@gmail.com.
2026-06-21 14:31:10,003 - WARNING - (trapped) error reading bcrypt version
Traceback (most recent call last):
  File "C:\Users\Hp\Desktop\fastapi\.venv\Lib\site-packages\passlib\handlers\bcrypt.py", line 620, in _load_backend_mixin
    version = _bcrypt.__about__.__version__
              ^^^^^^^^^^^^^^^^^
AttributeError: module 'bcrypt' has no attribute '__about__'
2026-06-21 14:31:10,359 - WARNING - Failed login attempt for email: sunil@gmail.com
2026-06-21 14:31:19,442 - WARNING - Failed login attempt for email: sunil@gmail.com
2026-06-21 14:31:23,505 - WARNING - Failed login attempt for email: sunil@gmail.com
2026-06-21 14:31:24,821 - WARNING - Failed login attempt for email: sunil@gmail.com
2026-06-21 14:31:24,936 - WARNING - Failed login attempt for email: sunil@gmail.com
2026-06-21 14:31:26,312 - WARNING - Failed login attempt for email: sunil@gmail.com
2026-06-21 14:31:26,421 - WARNING - Failed login attempt for email: sunil@gmail.com
2026-06-21 14:31:29,939 - INFO - User sunil@gmail.com logged in successfully.
2026-06-21 14:31:31,316 - INFO - User sunil@gmail.com logged in successfully.
2026-06-21 14:31:31,501 - INFO - User sunil@gmail.com logged in successfully.
2026-06-21 17:41:47,953 - INFO - User ram13@gmail.com logged in successfully.
2026-06-21 17:42:50,791 - INFO - User ram13@gmail.com logged in successfully.
2026-06-21 18:15:46,468 - INFO - ram13@gmail.com updated user 5 role to admin.
2026-06-21 18:15:49,442 - INFO - ram13@gmail.com updated user 5 role to admin.
2026-06-21 18:15:51,413 - INFO - ram13@gmail.com disabled user 1.
2026-06-21 19:06:36,670 - WARNING - Login attempt for disabled user: ram13@gmail.com
2026-06-21 19:06:52,352 - WARNING - Failed login attempt for email: beta@gmail.com
2026-06-21 19:07:02,292 - WARNING - Failed login attempt for email: beta@gmail.com
2026-06-21 19:07:41,096 - WARNING - Failed login attempt for email: luffy@gmail.com
2026-06-21 19:07:56,353 - WARNING - Failed login attempt for email: luffy@gmail.com
2026-06-21 19:07:59,077 - WARNING - Failed login attempt for email: luffy@gmail.com
2026-06-21 19:08:00,323 - WARNING - Failed login attempt for email: luffy@gmail.com
2026-06-21 19:08:00,730 - WARNING - Failed login attempt for email: luffy@gmail.com
2026-06-21 19:08:01,069 - WARNING - Failed login attempt for email: luffy@gmail.com
2026-06-21 19:08:01,397 - WARNING - Failed login attempt for email: luffy@gmail.com
2026-06-21 19:08:01,595 - WARNING - Failed login attempt for email: luffy@gmail.com
2026-06-21 19:08:01,856 - WARNING - Failed login attempt for email: luffy@gmail.com
2026-06-21 19:08:01,879 - WARNING - Failed login attempt for email: luffy@gmail.com
2026-06-21 19:08:01,977 - WARNING - Failed login attempt for email: luffy@gmail.com
2026-06-21 19:08:37,116 - WARNING - Failed login attempt for email: ramshyamchoudhary71@gmail.com
2026-06-21 19:09:01,868 - WARNING - Failed login attempt for email: ramshyamchoudhary71@gmail.com
2026-06-21 19:09:03,013 - WARNING - Failed login attempt for email: ramshyamchoudhary71@gmail.com
2026-06-21 19:09:19,904 - WARNING - Login attempt for disabled user: ram13@gmail.com
2026-06-21 19:09:22,300 - WARNING - Login attempt for disabled user: ram13@gmail.com
2026-06-21 19:09:22,861 - WARNING - Login attempt for disabled user: ram13@gmail.com
2026-06-21 19:09:34,529 - WARNING - Login attempt for disabled user: ram13@gmail.com
2026-06-21 19:10:57,842 - WARNING - Login attempt for disabled user: ram13@gmail.com
2026-06-21 19:11:18,516 - WARNING - (trapped) error reading bcrypt version
Traceback (most recent call last):
  File "C:\Users\Hp\Desktop\fastapi\.venv\Lib\site-packages\passlib\handlers\bcrypt.py", line 620, in _load_backend_mixin
    version = _bcrypt.__about__.__version__
              ^^^^^^^^^^^^^^^^^
AttributeError: module 'bcrypt' has no attribute '__about__'
2026-06-21 19:11:18,882 - WARNING - Failed login attempt for email: sunil@gmail.com
2026-06-21 19:11:30,994 - WARNING - Failed login attempt for email: sunil@gmail.com
2026-06-21 19:11:31,893 - WARNING - Failed login attempt for email: sunil@gmail.com
2026-06-21 19:11:32,335 - WARNING - Failed login attempt for email: sunil@gmail.com
2026-06-21 19:11:35,201 - INFO - User sunil@gmail.com logged in successfully.
2026-06-21 19:12:58,894 - INFO - sunil@gmail.com enabled user 1.
2026-06-21 19:13:40,836 - INFO - sunil@gmail.com updated product 1 successfully.
2026-06-22 23:12:34,009 - WARNING - (trapped) error reading bcrypt version
Traceback (most recent call last):
  File "C:\Users\Hp\Desktop\fastapi\.venv\Lib\site-packages\passlib\handlers\bcrypt.py", line 620, in _load_backend_mixin
    version = _bcrypt.__about__.__version__
              ^^^^^^^^^^^^^^^^^
AttributeError: module 'bcrypt' has no attribute '__about__'
2026-06-22 23:12:34,747 - INFO - User ram13@gmail.com logged in successfully.
